Token OK — testing 259 errors via https://16.113.9.182.sslip.io/api/errors/diagnose

[1/259] diagnosing...
[2/259] diagnosing...
[3/259] diagnosing...
[4/259] diagnosing...
[5/259] diagnosing...
[6/259] diagnosing...
[7/259] diagnosing...
[8/259] diagnosing...
[9/259] diagnosing...
[10/259] diagnosing...
[11/259] diagnosing...
[12/259] diagnosing...
[13/259] diagnosing...
[14/259] diagnosing...
[15/259] diagnosing...
[16/259] diagnosing...
[17/259] diagnosing...
[18/259] diagnosing...
[19/259] diagnosing...
[20/259] diagnosing...
[21/259] diagnosing...
[22/259] diagnosing...
[23/259] diagnosing...
[24/259] diagnosing...
[25/259] diagnosing...
[26/259] diagnosing...
[27/259] diagnosing...
[28/259] diagnosing...
[29/259] diagnosing...
[30/259] diagnosing...
[31/259] diagnosing...
[32/259] diagnosing...
[33/259] diagnosing...
[34/259] diagnosing...
[35/259] diagnosing...
[36/259] diagnosing...
[37/259] diagnosing...
[38/259] diagnosing...
[39/259] diagnosing...
[40/259] diagnosing...
[41/259] diagnosing...
[42/259] diagnosing...
[43/259] diagnosing...
[44/259] diagnosing...
[45/259] diagnosing...
[46/259] diagnosing...
[47/259] diagnosing...
[48/259] diagnosing...
[49/259] diagnosing...
[50/259] diagnosing...
[51/259] diagnosing...
[52/259] diagnosing...
[53/259] diagnosing...
[54/259] diagnosing...
[55/259] diagnosing...
[56/259] diagnosing...
[57/259] diagnosing...
[58/259] diagnosing...
[59/259] diagnosing...
[60/259] diagnosing...
[61/259] diagnosing...
[62/259] diagnosing...
[63/259] diagnosing...
[64/259] diagnosing...
[65/259] diagnosing...
[66/259] diagnosing...
[67/259] diagnosing...
[68/259] diagnosing...
[69/259] diagnosing...
[70/259] diagnosing...
[71/259] diagnosing...
[72/259] diagnosing...
[73/259] diagnosing...
[74/259] diagnosing...
[75/259] diagnosing...
[76/259] diagnosing...
[77/259] diagnosing...
[78/259] diagnosing...
[79/259] diagnosing...
[80/259] diagnosing...
[81/259] diagnosing...
[82/259] diagnosing...
[83/259] diagnosing...
[84/259] diagnosing...
[85/259] diagnosing...
[86/259] diagnosing...
[87/259] diagnosing...
[88/259] diagnosing...
[89/259] diagnosing...
[90/259] diagnosing...
[91/259] diagnosing...
[92/259] diagnosing...
[93/259] diagnosing...
[94/259] diagnosing...
[95/259] diagnosing...
[96/259] diagnosing...
[97/259] diagnosing...
[98/259] diagnosing...
[99/259] diagnosing...
[100/259] diagnosing...
[101/259] diagnosing...
[102/259] diagnosing...
[103/259] diagnosing...
[104/259] diagnosing...
[105/259] diagnosing...
[106/259] diagnosing...
[107/259] diagnosing...
[108/259] diagnosing...
[109/259] diagnosing...
[110/259] diagnosing...
[111/259] diagnosing...
[112/259] diagnosing...
[113/259] diagnosing...
[114/259] diagnosing...
[115/259] diagnosing...
[116/259] diagnosing...
[117/259] diagnosing...
[118/259] diagnosing...
[119/259] diagnosing...
[120/259] diagnosing...
[121/259] diagnosing...
[122/259] diagnosing...
[123/259] diagnosing...
[124/259] diagnosing...
[125/259] diagnosing...
[126/259] diagnosing...
[127/259] diagnosing...
[128/259] diagnosing...
[129/259] diagnosing...
[130/259] diagnosing...
[131/259] diagnosing...
[132/259] diagnosing...
[133/259] diagnosing...
[134/259] diagnosing...
[135/259] diagnosing...
[136/259] diagnosing...
[137/259] diagnosing...
[138/259] diagnosing...
[139/259] diagnosing...
[140/259] diagnosing...
[141/259] diagnosing...
[142/259] diagnosing...
[143/259] diagnosing...
[144/259] diagnosing...
[145/259] diagnosing...
[146/259] diagnosing...
[147/259] diagnosing...
[148/259] diagnosing...
[149/259] diagnosing...
[150/259] diagnosing...
[151/259] diagnosing...
[152/259] diagnosing...
[153/259] diagnosing...
[154/259] diagnosing...
[155/259] diagnosing...
[156/259] diagnosing...
[157/259] diagnosing...
[158/259] diagnosing...
[159/259] diagnosing...
[160/259] diagnosing...
[161/259] diagnosing...
[162/259] diagnosing...
[163/259] diagnosing...
[164/259] diagnosing...
[165/259] diagnosing...
[166/259] diagnosing...
[167/259] diagnosing...
[168/259] diagnosing...
[169/259] diagnosing...
[170/259] diagnosing...
[171/259] diagnosing...
[172/259] diagnosing...
[173/259] diagnosing...
[174/259] diagnosing...
[175/259] diagnosing...
[176/259] diagnosing...
[177/259] diagnosing...
[178/259] diagnosing...
[179/259] diagnosing...
[180/259] diagnosing...
[181/259] diagnosing...
[182/259] diagnosing...
[183/259] diagnosing...
[184/259] diagnosing...
[185/259] diagnosing...
[186/259] diagnosing...
[187/259] diagnosing...
[188/259] diagnosing...
[189/259] diagnosing...
[190/259] diagnosing...
[191/259] diagnosing...
[192/259] diagnosing...
[193/259] diagnosing...
[194/259] diagnosing...
[195/259] diagnosing...
[196/259] diagnosing...
[197/259] diagnosing...
[198/259] diagnosing...
[199/259] diagnosing...
[200/259] diagnosing...
[201/259] diagnosing...
[202/259] diagnosing...
[203/259] diagnosing...
[204/259] diagnosing...
[205/259] diagnosing...
[206/259] diagnosing...
[207/259] diagnosing...
[208/259] diagnosing...
[209/259] diagnosing...
[210/259] diagnosing...
[211/259] diagnosing...
[212/259] diagnosing...
[213/259] diagnosing...
[214/259] diagnosing...
[215/259] diagnosing...
[216/259] diagnosing...
[217/259] diagnosing...
[218/259] diagnosing...
[219/259] diagnosing...
[220/259] diagnosing...
[221/259] diagnosing...
[222/259] diagnosing...
[223/259] diagnosing...
[224/259] diagnosing...
[225/259] diagnosing...
[226/259] diagnosing...
[227/259] diagnosing...
[228/259] diagnosing...
[229/259] diagnosing...
[230/259] diagnosing...
[231/259] diagnosing...
[232/259] diagnosing...
[233/259] diagnosing...
[234/259] diagnosing...
[235/259] diagnosing...
[236/259] diagnosing...
[237/259] diagnosing...
[238/259] diagnosing...
[239/259] diagnosing...
[240/259] diagnosing...
[241/259] diagnosing...
[242/259] diagnosing...
[243/259] diagnosing...
[244/259] diagnosing...
[245/259] diagnosing...
[246/259] diagnosing...
[247/259] diagnosing...
[248/259] diagnosing...
[249/259] diagnosing...
[250/259] diagnosing...
[251/259] diagnosing...
[252/259] diagnosing...
[253/259] diagnosing...
[254/259] diagnosing...
[255/259] diagnosing...
[256/259] diagnosing...
[257/259] diagnosing...
[258/259] diagnosing...
[259/259] diagnosing...

--- RETEST (same / similar) ---
  exact_repeat_idx1...
    cluster=7 new=False confidence=86.0% occ=11
  exact_repeat_idx1_again...
    cluster=7 new=False confidence=86.0% occ=12
  similar_http_statuscode...
    cluster=8 new=False confidence=85.9% occ=37
  similar_same_cluster_7...
    cluster=7 new=False confidence=82.7% occ=13

Report → /Users/Lokesh/Desktop/error-dna-backend/data/error_signatures_api_report.json
{
  "new_clusters_on_first_pass": 67,
  "rematched_existing_ge_70pct": 192,
  "with_solution_notes": 259,
  "unique_families": 8,
  "unique_clusters_used": 67,
  "clusters_with_multiple_signatures": 34
}
